#-----------------------------------------------------------
# Vivado v2018.3 (64-bit)
# SW Build 2405991 on Thu Dec  6 23:38:27 MST 2018
# IP Build 2404404 on Fri Dec  7 01:43:56 MST 2018
# Start of session at: Thu Mar 25 12:11:38 2021
# Process ID: 1896
# Current directory: C:/ip_repo/AXISHandWritten
# Command line: vivado.exe -gui_launcher_event rodinguilauncherevent3696 C:\ip_repo\AXISHandWritten\edit_NeuralNetHandWritten_v1_0.xpr
# Log file: C:/ip_repo/AXISHandWritten/vivado.log
# Journal file: C:/ip_repo/AXISHandWritten\vivado.jou
#-----------------------------------------------------------
start_gui
open_project C:/ip_repo/AXISHandWritten/edit_NeuralNetHandWritten_v1_0.xpr
update_compile_order -fileset sources_1
reset_run synth_1
launch_runs synth_1 -jobs 4
wait_on_run synth_1
reset_run synth_1
launch_runs synth_1 -jobs 2
wait_on_run synth_1
set_property SOURCE_SET sources_1 [get_filesets sim_1]
import_files -fileset sim_1 -norecurse D:/UofT/ECE532/project/Neuron/Neuron6.0/Neuron6_0/Neuron6_0.srcs/sim_1/imports/new/NeuralNet_tb.v
update_compile_order -fileset sim_1
set_property used_in_synthesis false [get_files  C:/ip_repo/AXISHandWritten/edit_NeuralNetHandWritten_v1_0.srcs/sim_1/imports/new/NeuralNet_tb.v]
set_property used_in_implementation false [get_files  C:/ip_repo/AXISHandWritten/edit_NeuralNetHandWritten_v1_0.srcs/sim_1/imports/new/NeuralNet_tb.v]
